/index.php?amount=200&action=default&do=pay2&presenter=Test&_sec=8607a814